// Jest Snapshot v1, https://goo.gl/fbAQLP

exports[`Login.vue snapshot 1`] = `
<div class="auth-wrapper">
  <div class="col-lg-6 mx-auto form-holder">
    <form class="app-form">
      <div class="mt-5">
        <h4 class="text-center app-heading">
          Welcome, Admin!
        </h4>
        <p class="text-center text-muted app-paragraph">
          Login to get started
        </p>
      </div>
      <div class="form-group"><input type="email" name="" placeholder="Email" required="required" class="form-input"></div>
      <div class="form-group"><input type="password" name="" placeholder="Password" required="required" class="form-input"></div>
      <!----> <button type="submit" class="app-btn btn btn-lg">Login</button>
      <div class="mt-4">
        <p class="text-muted small">Don't have an account? Contact Admin to get an account </p>
      </div>
    </form>
  </div>
</div>
`;
